// Jest Snapshot v1, https://goo.gl/fbAQLP

exports[`ArticleBody component Should pass the \`data\` prop to the \`documentToReactComponents\` function 1`] = `
Array [
  <styled.h1>
    <h1
      className="sc-gtssRu hiTVzU"
    >
      test heading
    </h1>
  </styled.h1>,
  <styled.p
    key="0"
  >
    <p
      className="sc-dlnjPT dkPOOf"
    >
      Hello World
    </p>
  </styled.p>,
]
`;
