// Jest Snapshot v1, https://goo.gl/fbAQLP

exports[`ArticleBody component Should pass the \`data\` prop to the \`documentToReactComponents\` function 1`] = `"<h1 class=\\"sc-bdnylx jHYhGC\\">test heading</h1><h1 class=\\"sc-iCoHVE ggHTZb\\">Hello World</h1><p class=\\"sc-bdnylx fVpUmO\\">Lorem ipsum dolor</p>"`;
